V3 4
FL C:/FPGA/AluFloat/ParametrosFloat.vhd 2015/10/17.12:15:34 P.49d
FL C:/FPGA/ProyectoFloat/AluFloat/ParametrosFloat.vhd 2015/11/01.12:25:57 P.49d
PH Float/Parametros 1446871177 \
      FL C:/FPGA/ProyectoFloat/AluFloat/ParametrosFloat.vhd \
      PB ieee/std_logic_1164 1354696159 PB ieee/STD_LOGIC_UNSIGNED 1354696162 \
      PB ieee/NUMERIC_STD 1354696164
PB Float/Parametros 1446871178 \
      FL C:/FPGA/ProyectoFloat/AluFloat/ParametrosFloat.vhd PH Float/Parametros 1446871177
