AR muxalu behavioral C:/FPGA/AluFloat/MuxAlu.vhd sub00/vhpl27 1445118224
EN loopback NULL C:/FPGA/Practica05/coregen/loopback.vhd sub00/vhpl16 1443573110
AR testalupicoblazes behavioral C:/FPGA/ProyectoFloat/coregen/TestAluPicoBlazes.vhd sub00/vhpl34 1446871196
EN floatmultiplicacion NULL C:/FPGA/ProyectoFloat/AluFloat/FloatMultiplicacion.vhd sub00/vhpl22 1446871183
EN program NULL C:/FPGA/ProyectoFloat/Assembler/PROGRAM.VHD sub00/vhpl06 1446871187
EN testalupicoblazes NULL C:/FPGA/ProyectoFloat/coregen/TestAluPicoBlazes.vhd sub00/vhpl33 1446871195
EN picoblazealufloat NULL C:/FPGA/ProyectoFloat/coregen/loopback.vhd sub00/vhpl30 1446871193
AR bbfifo_16x8 low_level_definition C:/FPGA/Practica05/coregen/bbfifo_16x8.vhd sub00/vhpl03 1443573097
AR operacionsumrest behavioral C:/FPGA/ProyectoFloat/AluFloat/OpSumaResta.vhd sub00/vhpl21 1446871182
AR floatsumaresta behavioral C:/FPGA/ProyectoFloat/AluFloat/FloatSumaResta.vhd sub00/vhpl25 1446871186
AR uart_tx macro_level_definition C:/FPGA/Practica05/coregen/uart_tx.vhd sub00/vhpl13 1443573107
AR verificacionsumres behavioral C:/FPGA/ProyectoFloat/AluFloat/VerificacionSumRes.vhd sub00/vhpl19 1446871180
EN my_dcm NULL C:/FPGA/Practica05/coregen/my_dcm.vhd sub00/vhpl10 1443573104
EN floatsumaresta NULL C:/FPGA/ProyectoFloat/AluFloat/FloatSumaResta.vhd sub00/vhpl24 1446871185
AR kcuart_tx low_level_definition C:/FPGA/Practica05/coregen/kcuart_tx.vhd sub00/vhpl05 1443573099
EN muxalu NULL C:/FPGA/AluFloat/MuxAlu.vhd sub00/vhpl26 1445118223
AR picoblazealufloat behavioral C:/FPGA/ProyectoFloat/coregen/loopback.vhd sub00/vhpl31 1446871194
AR kcuart_rx low_level_definition C:/FPGA/Practica05/coregen/kcuart_rx.vhd sub00/vhpl01 1443573095
EN kcuart_rx NULL C:/FPGA/Practica05/coregen/kcuart_rx.vhd sub00/vhpl00 1443573094
EN operacionsumrest NULL C:/FPGA/ProyectoFloat/AluFloat/OpSumaResta.vhd sub00/vhpl20 1446871181
EN kcuart_tx NULL C:/FPGA/Practica05/coregen/kcuart_tx.vhd sub00/vhpl04 1443573098
AR program program_a C:/FPGA/Practica05/coregen/ipcore_dir/program.vhd sub00/vhpl07 1445118226
EN alufloat NULL C:/FPGA/ProyectoFloat/AluFloat/AluFloat.vhd sub00/vhpl28 1446871191
EN verificacionsumres NULL C:/FPGA/ProyectoFloat/AluFloat/VerificacionSumRes.vhd sub00/vhpl18 1446871179
EN kcpsm3 NULL C:/FPGA/ProyectoFloat/coregen/kcpsm3.vhd sub00/vhpl08 1446871189
AR loopback behavioral C:/FPGA/Practica05/coregen/loopback.vhd sub00/vhpl17 1443573111
AR floatmultiplicacion behavioral C:/FPGA/ProyectoFloat/AluFloat/FloatMultiplicacion.vhd sub00/vhpl23 1446871184
AR alufloat behavioral C:/FPGA/ProyectoFloat/AluFloat/AluFloat.vhd sub00/vhpl29 1446871192
EN bbfifo_16x8 NULL C:/FPGA/Practica05/coregen/bbfifo_16x8.vhd sub00/vhpl02 1443573096
AR my_dcm behavioral C:/FPGA/Practica05/coregen/my_dcm.vhd sub00/vhpl11 1443573105
AR program low_level_definition C:/FPGA/ProyectoFloat/Assembler/PROGRAM.VHD sub00/vhpl32 1446871188
AR uart_rx macro_level_definition C:/FPGA/Practica05/coregen/uart_rx.vhd sub00/vhpl15 1443573109
EN uart_rx NULL C:/FPGA/Practica05/coregen/uart_rx.vhd sub00/vhpl14 1443573108
AR kcpsm3 low_level_definition C:/FPGA/ProyectoFloat/coregen/kcpsm3.vhd sub00/vhpl09 1446871190
EN uart_tx NULL C:/FPGA/Practica05/coregen/uart_tx.vhd sub00/vhpl12 1443573106
